// Jest Snapshot v1, https://goo.gl/fbAQLP

exports[`FormAdminToolbar snapshots 1`] = `
<div>
  <div
    className="caldera-editor-header"
  >
    <ul
      className="caldera-editor-header-nav"
    >
      <li
        className="caldera-editor-logo"
      >
        <span
          className="caldera-forms-name"
        >
          Caldera Forms: 
          Caldera Forms
        </span>
      </li>
      <div
        role="presentation"
      />
      <li />
      <li />
    </ul>
  </div>
</div>
`;
