// Jest Snapshot v1, https://goo.gl/fbAQLP

exports[`Status component Shows message when it should 1`] = `
<div
  className="cf-alert-wrap"
>
  <p
    className="cf-alert cf-alert-success"
  >
    Hi Roy
  </p>
</div>
`;

exports[`Status component Shows spinner when updating 1`] = `
<span
  className="spinner is-active"
/>
`;
